// Jest Snapshot v1, https://goo.gl/fbAQLP

exports[`Using _app @apollo/react-hooks support loads useQuery data on the server 1`] = `
Object {
  "data": Object {
    "ROOT_QUERY": Object {
      "hire": Object {
        "generated": false,
        "id": "User:uniqueid",
        "type": "id",
        "typename": "User",
      },
    },
    "User:uniqueid": Object {
      "__typename": "User",
      "id": "uniqueid",
      "name": "Next Apollo",
    },
  },
}
`;

exports[`Using _app react-apollo support loads <Query /> data on the server 1`] = `
Object {
  "data": Object {
    "ROOT_QUERY": Object {
      "hire": Object {
        "generated": false,
        "id": "User:uniqueid",
        "type": "id",
        "typename": "User",
      },
    },
    "User:uniqueid": Object {
      "__typename": "User",
      "id": "uniqueid",
      "name": "Next Apollo",
    },
  },
}
`;
